EN xor_sig NULL C:/Users/POT04/Documents/FPGA/Variable_Senal/XOR_SIG.vhd sub00/vhpl00 1495476006
AR xor_sig sig_arch C:/Users/POT04/Documents/FPGA/Variable_Senal/XOR_SIG.vhd sub00/vhpl01 1495476007
EN xor_var NULL C:/Users/POT04/Documents/FPGA/Variable_Senal/XOR_VAR.vhd sub00/vhpl02 1495475063
AR xor_var var_arch C:/Users/POT04/Documents/FPGA/Variable_Senal/XOR_VAR.vhd sub00/vhpl03 1495475064
